// Jest Snapshot v1, https://goo.gl/fbAQLP

exports[`renders as expected 1`] = `
<div
  className="sc-AykKE jkKtbi"
>
  <h2
    className="sc-AykKC getTdx"
  >
    <svg
      aria-hidden="true"
      className="svg-inline--fa fa-folder fa-w-16 "
      data-icon="folder"
      data-prefix="fas"
      focusable="false"
      role="img"
      style={Object {}}
      viewBox="0 0 512 512"
      xmlns="http://www.w3.org/2000/svg"
    >
      <path
        d="M464 128H272l-64-64H48C21.49 64 0 85.49 0 112v288c0 26.51 21.49 48 48 48h416c26.51 0 48-21.49 48-48V176c0-26.51-21.49-48-48-48z"
        fill="currentColor"
        style={Object {}}
      />
    </svg>
     Folders
  </h2>
  <ul
    className="sc-AykKF fdLCxs"
  >
    <li>
      <a
        href="/folder/0"
        onClick={[Function]}
      >
        <svg
          aria-hidden="true"
          className="svg-inline--fa fa-folder fa-w-16 "
          data-icon="folder"
          data-prefix="far"
          focusable="false"
          role="img"
          style={Object {}}
          viewBox="0 0 512 512"
          xmlns="http://www.w3.org/2000/svg"
        >
          <path
            d="M464 128H272l-54.63-54.63c-6-6-14.14-9.37-22.63-9.37H48C21.49 64 0 85.49 0 112v288c0 26.51 21.49 48 48 48h416c26.51 0 48-21.49 48-48V176c0-26.51-21.49-48-48-48zm0 272H48V112h140.12l54.63 54.63c6 6 14.14 9.37 22.63 9.37H464v224z"
            fill="currentColor"
            style={Object {}}
          />
        </svg>
          
        test folder
      </a>
    </li>
  </ul>
  <button
    className="sc-AykKD iALVyR"
    onClick={[Function]}
  >
    Add Folder
  </button>
</div>
`;
