// Jest Snapshot v1, https://goo.gl/fbAQLP

exports[`renders as expected 1`] = `
<h1
  className="sc-AykKF cfslnx"
>
  Note not found!
</h1>
`;
