// Jest Snapshot v1, https://goo.gl/fbAQLP

exports[`renders as expected 1`] = `
<div
  className="sc-fzXfMv cicSKb"
>
  <header
    className="sc-fzXfMw izYLsN"
  >
    <h1>
      <a
        className="sc-fzXfMx cOsmCJ"
        href="/"
        onClick={[Function]}
      >
        Noteful
      </a>
    </h1>
    <span
      className="sc-fzXfLW ksegiA"
      onClick={[Function]}
    >
      <svg
        aria-hidden="true"
        className="svg-inline--fa fa-moon fa-w-16 "
        data-icon="moon"
        data-prefix="fas"
        focusable="false"
        role="img"
        style={Object {}}
        viewBox="0 0 512 512"
        xmlns="http://www.w3.org/2000/svg"
      >
        <path
          d="M283.211 512c78.962 0 151.079-35.925 198.857-94.792 7.068-8.708-.639-21.43-11.562-19.35-124.203 23.654-238.262-71.576-238.262-196.954 0-72.222 38.662-138.635 101.498-174.394 9.686-5.512 7.25-20.197-3.756-22.23A258.156 258.156 0 0 0 283.211 0c-141.309 0-256 114.511-256 256 0 141.309 114.511 256 256 256z"
          fill="currentColor"
          style={Object {}}
        />
      </svg>
    </span>
  </header>
  <h1
    className="sc-fzXfLX jZUPWT"
  >
    Loading...
  </h1>
</div>
`;
