// Jest Snapshot v1, https://goo.gl/fbAQLP

exports[`renders as expected 1`] = `
<h1
  className="sc-AykKC hpENYW"
>
  Error: page not found
</h1>
`;
